
> transport@0.1.0 build
> next build

   ▲ Next.js 15.0.3
   - Environments: .env.local, .env

   Creating an optimized production build ...
Failed to compile.

./src/components/blog/FAQSection.tsx
Error:   [31mx[0m You're importing a component that needs `useState`. This React hook only works in a client component. To fix, mark the file (or its parent) with the `"use client"` directive.
  [31m|[0m 
  [31m|[0m  Learn more: https://nextjs.org/docs/app/building-your-application/rendering/client-components
  [31m|[0m 
  [31m|[0m 
   ,-[[36;1;4mC:\Users\zubii\Desktop\transport\src\components\blog\FAQSection.tsx[0m:1:1]
 [2m1[0m | import React, { useState } from 'react';
   : [35;1m                ^^^^^^^^[0m
 [2m2[0m | import { ChevronDown } from 'lucide-react';
 [2m3[0m | import styles from './FAQSection.module.css';
 [2m3[0m | import FadeIn from '@/components/common/FadeIn';
   `----

Import trace for requested module:
./src/components/blog/FAQSection.tsx
./src/app/blog/page.tsx


> Build failed because of webpack errors
