
> transport@0.1.0 build
> next build

   Γû▓ Next.js 15.0.3
   - Environments: .env.local, .env

   Creating an optimized production build ...
node.exe : Failed to 
compile.
At line:1 char:1
+ & "C:\Program Files
\nodejs/node.exe" 
"C:\Program 
Files\nodejs/node_mo 
...
+ ~~~~~~~~~~~~~~~~~~~
~~~~~~~~~~~~~~~~~~~~~
~~~~~~~~~~~~~~~~~~~~~
~~~~~~~~
    + CategoryInfo   
           : NotSpe  
  cified: (Failed    
 to compile.:Stri    
ng) [], RemoteEx    
ception
    + FullyQualified 
   ErrorId : Native  
  CommandError
 

./src/app/layout.tsx
Error:   [31mx[0m 
`ssr: false` is not 
allowed with 
`next/dynamic` in 
Server Components. 
Please move it into 
a client component.
     ,-[[36;1;4mC:\U
sers\zubii\Desktop\tr
ansport\src\app\layou
t.tsx[0m:116:1]
 [2m113[0m | 
import dynamic from 
'next/dynamic';
 [2m114[0m | 
import { 
MenuProvider } from "
@/context/MenuContext
";
 [2m115[0m | 
 [2m116[0m | const 
WhatsAppButton = 
dynamic(() => import(
"@/components/common/
WhatsAppButton"), { 
ssr: false });
     : [35;1m       
                ^^^^^
^^^^^^^^^^^^^^^^^^^^^
^^^^^^^^^^^^^^^^^^^^^
^^^^^^^^^^^^^^^^^^^^^
^^^^^^^[0m
 [2m117[0m | const 
ScrollToTop = 
dynamic(() => import(
"@/components/common/
ScrollToTop"), { 
ssr: false });
 [2m118[0m | const 
AIChatBox = 
dynamic(() => import(
"@/components/home/AI
ChatBox"), { ssr: 
false });
     `----
  [31mx[0m `ssr: 
false` is not 
allowed with 
`next/dynamic` in 
Server Components. 
Please move it into 
a client component.
     ,-[[36;1;4mC:\U
sers\zubii\Desktop\tr
ansport\src\app\layou
t.tsx[0m:117:1]
 [2m114[0m | 
import { 
MenuProvider } from "
@/context/MenuContext
";
 [2m115[0m | 
 [2m116[0m | const 
WhatsAppButton = 
dynamic(() => import(
"@/components/common/
WhatsAppButton"), { 
ssr: false });
 [2m117[0m | const 
ScrollToTop = 
dynamic(() => import(
"@/components/common/
ScrollToTop"), { 
ssr: false });
     : [35;1m       
             ^^^^^^^^
^^^^^^^^^^^^^^^^^^^^^
^^^^^^^^^^^^^^^^^^^^^
^^^^^^^^^^^^^^^^^^^^^
^[0m
 [2m118[0m | const 
AIChatBox = 
dynamic(() => import(
"@/components/home/AI
ChatBox"), { ssr: 
false });
 [2m119[0m | 
 [2m120[0m | 
import { 
ThemeProvider } from 
"@/components/provide
rs/ThemeProvider";
     `----
  [31mx[0m `ssr: 
false` is not 
allowed with 
`next/dynamic` in 
Server Components. 
Please move it into 
a client component.
     ,-[[36;1;4mC:\U
sers\zubii\Desktop\tr
ansport\src\app\layou
t.tsx[0m:118:1]
 [2m115[0m | 
 [2m116[0m | const 
WhatsAppButton = 
dynamic(() => import(
"@/components/common/
WhatsAppButton"), { 
ssr: false });
 [2m117[0m | const 
ScrollToTop = 
dynamic(() => import(
"@/components/common/
ScrollToTop"), { 
ssr: false });
 [2m118[0m | const 
AIChatBox = 
dynamic(() => import(
"@/components/home/AI
ChatBox"), { ssr: 
false });
     : [35;1m       
           ^^^^^^^^^^
^^^^^^^^^^^^^^^^^^^^^
^^^^^^^^^^^^^^^^^^^^^
^^^^^^^^^^^^^^^^[0m
 [2m119[0m | 
 [2m120[0m | 
import { 
ThemeProvider } from 
"@/components/provide
rs/ThemeProvider";
     `----

Import trace for 
requested module:
./src/app/layout.tsx


> Build failed 
because of webpack 
errors
