src/app/admin/bookings/page.tsx(94,24): error TS2741: Property 'isVisible' is missing in type '{ message: string; type: "error" | "success"; onClose: () => void; }' but required in type 'ToastProps'.
src/app/admin/fleet/page.tsx(167,24): error TS2741: Property 'isVisible' is missing in type '{ message: string; type: "error" | "success"; onClose: () => void; }' but required in type 'ToastProps'.
src/app/admin/logs/page.tsx(36,9): error TS18048: 'log.user' is possibly 'undefined'.
src/app/admin/logs/page.tsx(156,58): error TS18048: 'log.user' is possibly 'undefined'.
src/app/admin/page.tsx(21,55): error TS2339: Property 'price' does not exist on type '{ id: string; name: string; passengers: number; vehicle: string; createdAt: Date; status: string; email: string; phone: string; pickup: string; dropoff: string; date: string; time: string; userId: string | null; }'.
src/app/admin/page.tsx(33,13): error TS2322: Type 'LogEntry[]' is not assignable to type 'Log[]'.
  Type 'LogEntry' is not assignable to type 'Log'.
    Types of property 'timestamp' are incompatible.
      Type 'string' is not assignable to type 'Date'.
src/app/admin/pricing/page.tsx(172,24): error TS2741: Property 'isVisible' is missing in type '{ message: string; type: "error" | "success"; onClose: () => void; }' but required in type 'ToastProps'.
src/app/admin/routes/page.tsx(129,24): error TS2741: Property 'isVisible' is missing in type '{ message: string; type: "error" | "success"; onClose: () => void; }' but required in type 'ToastProps'.
src/app/api/admin/settings/route.ts(41,9): error TS2554: Expected 2 arguments, but got 1.
src/app/api/fleet/route.ts(29,42): error TS2345: Argument of type '{ name: string; image: string; passengers: number; luggage: number; features: string[]; price: string; category?: "Standard" | "Premium" | "VIP" | undefined; isActive?: boolean | undefined; }' is not assignable to parameter of type 'Omit<{ id: string; name: string; image: string; passengers: number; luggage: number; features: string[]; price: string; hourlyRate: string | null; category: string; isActive: boolean; }, "id">'.
  Property 'hourlyRate' is missing in type '{ name: string; image: string; passengers: number; luggage: number; features: string[]; price: string; category?: "Standard" | "Premium" | "VIP" | undefined; isActive?: boolean | undefined; }' but required in type 'Omit<{ id: string; name: string; image: string; passengers: number; luggage: number; features: string[]; price: string; hourlyRate: string | null; category: string; isActive: boolean; }, "id">'.
