src/app/admin/logs/page.tsx(36,9): error TS18048: 'log.user' is possibly 'undefined'.
src/app/admin/logs/page.tsx(156,58): error TS18048: 'log.user' is possibly 'undefined'.
src/app/admin/page.tsx(21,55): error TS2339: Property 'price' does not exist on type '{ id: string; name: string; passengers: number; vehicle: string; createdAt: Date; status: string; email: string; phone: string; pickup: string; dropoff: string; date: string; time: string; userId: string | null; }'.
src/app/admin/page.tsx(33,13): error TS2322: Type 'LogEntry[]' is not assignable to type 'Log[]'.
  Type 'LogEntry' is not assignable to type 'Log'.
    Types of property 'timestamp' are incompatible.
      Type 'string' is not assignable to type 'Date'.
src/app/api/bookings/route.ts(33,42): error TS2345: Argument of type '{ name: string; email: string; phone: string; pickup: string; dropoff: string; date: string; time: string; vehicle: string; passengers: number; }' is not assignable to parameter of type 'Omit<{ id: string; name: string; passengers: number; vehicle: string; createdAt: Date; status: string; email: string; phone: string; pickup: string; dropoff: string; date: string; time: string; userId: string | null; }, "id" | ... 1 more ... | "status">'.
  Property 'userId' is missing in type '{ name: string; email: string; phone: string; pickup: string; dropoff: string; date: string; time: string; vehicle: string; passengers: number; }' but required in type 'Omit<{ id: string; name: string; passengers: number; vehicle: string; createdAt: Date; status: string; email: string; phone: string; pickup: string; dropoff: string; date: string; time: string; userId: string | null; }, "id" | ... 1 more ... | "status">'.
src/app/api/fleet/route.ts(29,42): error TS2345: Argument of type '{ name: string; image: string; passengers: number; luggage: number; features: string[]; price: string; category?: "Standard" | "Premium" | "VIP" | undefined; isActive?: boolean | undefined; }' is not assignable to parameter of type 'Omit<{ id: string; name: string; image: string; passengers: number; luggage: number; features: string[]; price: string; hourlyRate: string | null; category: string; isActive: boolean; }, "id">'.
  Property 'hourlyRate' is missing in type '{ name: string; image: string; passengers: number; luggage: number; features: string[]; price: string; category?: "Standard" | "Premium" | "VIP" | undefined; isActive?: boolean | undefined; }' but required in type 'Omit<{ id: string; name: string; image: string; passengers: number; luggage: number; features: string[]; price: string; hourlyRate: string | null; category: string; isActive: boolean; }, "id">'.
